// Jest Snapshot v1, https://goo.gl/fbAQLP

exports[`should render Index correctly. 1`] = `
<Fragment>
  <main
    className="jsx-2994941223"
    role="main"
  >
    <div
      className="jsx-2994941223 flex-container"
    >
      <Rooms
        change={[Function]}
        click={[Function]}
        rooms={
          Array [
            Object {
              "adults": Array [
                Object {
                  "displayValue": "1",
                  "value": "1",
                },
                Object {
                  "displayValue": "2",
                  "value": "2",
                },
              ],
              "children": Array [
                Object {
                  "displayValue": "0",
                  "value": "0",
                },
                Object {
                  "displayValue": "1",
                  "value": "1",
                },
                Object {
                  "displayValue": "2",
                  "value": "2",
                },
              ],
              "id": 1,
              "isSelected": false,
              "selectedAdults": 0,
              "selectedChildren": 0,
            },
            Object {
              "adults": Array [
                Object {
                  "displayValue": "1",
                  "value": "1",
                },
                Object {
                  "displayValue": "2",
                  "value": "2",
                },
              ],
              "children": Array [
                Object {
                  "displayValue": "0",
                  "value": "0",
                },
                Object {
                  "displayValue": "1",
                  "value": "1",
                },
                Object {
                  "displayValue": "2",
                  "value": "2",
                },
              ],
              "id": 2,
              "isSelected": false,
              "selectedAdults": 0,
              "selectedChildren": 0,
            },
            Object {
              "adults": Array [
                Object {
                  "displayValue": "1",
                  "value": "1",
                },
                Object {
                  "displayValue": "2",
                  "value": "2",
                },
              ],
              "children": Array [
                Object {
                  "displayValue": "0",
                  "value": "0",
                },
                Object {
                  "displayValue": "1",
                  "value": "1",
                },
                Object {
                  "displayValue": "2",
                  "value": "2",
                },
              ],
              "id": 3,
              "isSelected": false,
              "selectedAdults": 0,
              "selectedChildren": 0,
            },
            Object {
              "adults": Array [
                Object {
                  "displayValue": "1",
                  "value": "1",
                },
                Object {
                  "displayValue": "2",
                  "value": "2",
                },
              ],
              "children": Array [
                Object {
                  "displayValue": "0",
                  "value": "0",
                },
                Object {
                  "displayValue": "1",
                  "value": "1",
                },
                Object {
                  "displayValue": "2",
                  "value": "2",
                },
              ],
              "id": 4,
              "isSelected": false,
              "selectedAdults": 0,
              "selectedChildren": 0,
            },
          ]
        }
      />
    </div>
  </main>
  <Button
    label="Submit"
    onClick={[Function]}
  />
  <JSXStyle
    id="2994941223"
  >
    .flex-container.jsx-2994941223{display:-webkit-box;display:-webkit-flex;display:-ms-flexbox;display:flex;-webkit-flex-flow:row wrap;-ms-flex-flow:row wrap;flex-flow:row wrap;-webkit-box-pack:justify;-webkit-justify-content:space-between;-ms-flex-pack:justify;justify-content:space-between;-webkit-align-items:flex-start;-webkit-box-align:flex-start;-ms-flex-align:flex-start;align-items:flex-start;-webkit-align-content:flex-start;-ms-flex-line-pack:start;align-content:flex-start;}.flex-container.jsx-2994941223:after{margin:5px;}
  </JSXStyle>
</Fragment>
`;
